=== 1) scripts/gen_secrets.mjs — add the two gateway secrets to TEMPLATE (future re-generation only) ===
gen_secrets.mjs patched OK
=== 2) append SHARWA_AI_GATEWAY_API_KEY / SHARWA_AI_GATEWAY_WEBHOOK_SECRET to the REAL .env (idempotent, never overwrites existing keys) ===
.env: appended 2 new key(s)
=== 3) docker-compose.yml — MinIO creds become OPTIONAL (empty default), not hard-required ===
    (owner decision, this session: MinIO deployment status unknown - sessions.js already
     degrades a media upload gracefully (object_key: null, fallback text) when MinIO is
     unreachable/misconfigured, so the gateway should still be able to START and handle
     text messages without an unrelated external dependency blocking it at compose-parse time.)
docker-compose.yml patched OK (MinIO creds now optional)
=== 4) .env.example — reflect that MinIO creds are now optional ===
.env.example patched OK
=== 5) validate: docker compose config must now parse cleanly (SHARWA_AI_GATEWAY_* present in .env; MinIO no longer required) ===
docker compose config exit: 0
docker compose config: OK
  gateway:
    build:
      context: /home/sharwa/sharwa_ai/gateway
      dockerfile: Dockerfile
    cpus: 1
    depends_on:
      redis-durable:
        condition: service_healthy
        required: true
    environment:
      AUTH_SESSIONS_DIR: /app/auth_sessions
      DJANGO_BASE_URL: http://host.docker.internal:8000
      MINIO_ACCESS_KEY: ""
      MINIO_BUCKET_NAME: sharwa-ai
      MINIO_ENDPOINT_URL: http://host.docker.internal:9000
      MINIO_SECRET_KEY: ""
      MINIO_USE_SSL: "false"
      NODE_ENV: production
      PORT: "4001"
      REDIS_DURABLE_HOST: redis-durable
      REDIS_DURABLE_PASSWORD: q_DdOiw8tmsnxlLCnoyeRgsnvZi0Gux1
      REDIS_DURABLE_PORT: "6379"
      SHARWA_AI_GATEWAY_API_KEY: Km6waudt8ysC1F93ymumtTuR8UgG45ya
      SHARWA_AI_GATEWAY_WEBHOOK_SECRET: RrxV8VuINP-WVxP_U03oxDWlWpbZK-VC
    extra_hosts:
      - host.docker.internal=host-gateway
    healthcheck:
      test:
        - CMD
        - wget
        - -q
=== 6) git status / diff ===
On branch master
Changes not staged for commit:
  (use "git add <file>..." to update what will be committed)
  (use "git restore <file>..." to discard changes in working directory)
	modified:   .env.example
	modified:   docker-compose.yml
	modified:   scripts/gen_secrets.mjs

Untracked files:
  (use "git add <file>..." to include in what will be committed)
	batch_p02_compose.sh
	batch_p02_compose_secrets.sh
	batch_p02_identity_update.sh
	batch_p02_integration.sh
	p02_compose_run.log
	p02_compose_secrets_run.log
	p02_identity_update_run.log
	p02_integration_run.log

no changes added to commit (use "git add" and/or "git commit -a")
 .env.example            |  16 ++++++++
 docker-compose.yml      | 100 ++++++++++++++++++++++++++++++++++++++++++++----
 scripts/gen_secrets.mjs |   3 ++
 3 files changed, 112 insertions(+), 7 deletions(-)
