=== 1) gateway/src/ingest/lidmap.js — add buildIdentityUpdateEvent ===
lidmap.js patched OK
=== 2) gateway/src/ingest/__tests__/lidmap.test.js — add buildIdentityUpdateEvent test ===
lidmap.test.js patched OK
=== 3) gateway/src/sessions.js — import identity_update deps + rewrite phoneNumberShare handler ===
sessions.js patched OK
=== 4) gateway/src/forwarder.js — skip identity_update entries (legacy webhook has no field for them) ===
forwarder.js patched OK
=== 5) gateway/src/__tests__/forwarder.test.js — add shouldForwardToLegacy test ===
forwarder.test.js patched OK
=== 6) verify ===
HUNT GATE PASSED — 72 files scanned, 0 violations.
hunt_gate exit: 0
ok 49 - appendEvent hard-rejects an over-cap value as PAYLOAD_TOO_LARGE (F4)
  ---
  duration_ms: 0.973505
  type: 'test'
  ...
# Subtest: appendEvent falls back to a synthetic id when provider_message_id is null
ok 50 - appendEvent falls back to a synthetic id when provider_message_id is null
  ---
  duration_ms: 3.353344
  type: 'test'
  ...
# Subtest: sign() is deterministic and changes completely when the body changes
ok 51 - sign() is deterministic and changes completely when the body changes
  ---
  duration_ms: 2.48836
  type: 'test'
  ...
# Subtest: inbound filtering: fromMe/group/broadcast/empty messages never reach the WAL append path
ok 52 - inbound filtering: fromMe/group/broadcast/empty messages never reach the WAL append path
  ---
  duration_ms: 1.300295
  type: 'test'
  ...
# Subtest: send queue: two messages for the same session are never sent simultaneously
ok 53 - send queue: two messages for the same session are never sent simultaneously
  ---
  duration_ms: 91.379964
  type: 'test'
  ...
# Subtest: postInboundMessage forwards text as message_text (Django contract)
ok 54 - postInboundMessage forwards text as message_text (Django contract)
  ---
  duration_ms: 5.333776
  type: 'test'
  ...
# Subtest: outgoing webhook paths match Django public routes (no /api/, trailing slash)
ok 55 - outgoing webhook paths match Django public routes (no /api/, trailing slash)
  ---
  duration_ms: 1.473142
  type: 'test'
  ...
# Subtest: recordPhoneNumberShare stores a mapping and createLidMap reads it back
ok 56 - recordPhoneNumberShare stores a mapping and createLidMap reads it back
  ---
  duration_ms: 2.629201
  type: 'test'
  ...
# Subtest: recordPhoneNumberShare rejects a non-resolvable jid without storing
ok 57 - recordPhoneNumberShare rejects a non-resolvable jid without storing
  ---
  duration_ms: 0.36783
  type: 'test'
  ...
# Subtest: recordPhoneNumberShare is bounded by lidmapMax (H4): new lid dropped at cap, existing lid still updatable
ok 58 - recordPhoneNumberShare is bounded by lidmapMax (H4): new lid dropped at cap, existing lid still updatable
  ---
  duration_ms: 0.975839
  type: 'test'
  ...
# Subtest: buildIdentityUpdateEvent produces a deterministic provider_message_id for the same lid/phone pair
ok 59 - buildIdentityUpdateEvent produces a deterministic provider_message_id for the same lid/phone pair
  ---
  duration_ms: 0.373859
  type: 'test'
  ...
# Subtest: buildIdentityUpdateEvent gives different lids different provider_message_ids
ok 60 - buildIdentityUpdateEvent gives different lids different provider_message_ids
  ---
  duration_ms: 0.287851
  type: 'test'
  ...
1..60
# tests 60
# suites 0
# pass 60
# fail 0
# cancelled 0
# skipped 0
# todo 0
# duration_ms 4244.557338
=== done (see hunt_gate exit above; node --test summary is the tail above) ===
