batch_p02_auth_sessions_perms_fix.sh: line 5: app: command not found
=== 1) gateway/Dockerfile — own /app/auth_sessions as  BEFORE the VOLUME instruction ===
Dockerfile patched OK
=== 2) rebuild the image (bakes the corrected ownership for any FUTURE fresh volume) ===
time="2026-09-22T17:11:41+02:00" level=warning msg="Docker Compose is configured to build using Bake, but buildx isn't installed"
#0 building with "default" instance using docker driver

#1 [gateway internal] load build definition from Dockerfile
#1 transferring dockerfile: 1.31kB 0.0s done
#1 DONE 0.1s

#2 [gateway internal] load metadata for docker.io/library/node:24-alpine
#2 DONE 1.5s

#3 [gateway internal] load .dockerignore
#3 transferring context: 107B 0.0s done
#3 DONE 0.0s

#4 [gateway internal] load build context
#4 DONE 0.0s

#5 [gateway 1/7] FROM docker.io/library/node:24-alpine@sha256:ebfe2f90462722a7a4de65e91990e97fe0d401c70e0e762c5b53302f905ec1c1
#5 resolve docker.io/library/node:24-alpine@sha256:ebfe2f90462722a7a4de65e91990e97fe0d401c70e0e762c5b53302f905ec1c1 0.1s done
#5 DONE 0.1s

#4 [gateway internal] load build context
#4 transferring context: 697B done
#4 DONE 0.0s

#6 [gateway 2/7] RUN addgroup -S app && adduser -S app -G app
#6 CACHED

#7 [gateway 3/7] WORKDIR /app
#7 CACHED

#8 [gateway 4/7] COPY package.json package-lock.json ./
#8 CACHED

#9 [gateway 5/7] RUN npm ci --omit=dev
#9 CACHED

#10 [gateway 6/7] COPY src ./src
#10 CACHED

#11 [gateway 7/7] RUN mkdir -p /app/auth_sessions && chown -R app:app /app/auth_sessions
#11 DONE 0.8s

#12 [gateway] exporting to image
#12 exporting layers
#12 exporting layers 0.5s done
#12 exporting manifest sha256:6fdd69494ba5d098209136976b0c512d1a4beef5920fe1dba7d157dd50655275 0.0s done
#12 exporting config sha256:31bf62bfc9eabb13368784c00ea4407fac3a081646d3b6a35967479bd670fa8b 0.1s done
#12 exporting attestation manifest sha256:1234b1c0545cad5e96e299fbd3b28f12cf84a8c13c0834c4e57b9451b5836980
#12 exporting attestation manifest sha256:1234b1c0545cad5e96e299fbd3b28f12cf84a8c13c0834c4e57b9451b5836980 0.1s done
#12 exporting manifest list sha256:de2be7c436c129c8f2bd5d9e4fd6f7f16debb2cd784930fcdf9aa60e91cc9ec9
#12 exporting manifest list sha256:de2be7c436c129c8f2bd5d9e4fd6f7f16debb2cd784930fcdf9aa60e91cc9ec9 0.0s done
#12 naming to docker.io/library/sharwa-ai-gateway:p0.2 done
#12 unpacking to docker.io/library/sharwa-ai-gateway:p0.2 0.1s done
#12 DONE 1.0s

#13 [gateway] resolving provenance for metadata file
#13 DONE 0.0s
 gateway  Built
=== 3) fix the ALREADY-EXISTING gateway_auth_sessions volume's ownership (the rebuild above does not touch it - a named volume's content persists across image rebuilds) ===
 Container sharwa_ai-redis-durable-1  Running
total 8
drwxr-xr-x    2 app      app           4096 Sep 22 15:11 .
drwxr-xr-x    1 root     root          4096 Sep 22 15:11 ..
=== 4) restart gateway (and forwarder, same image) with the fixed image ===
 Container sharwa_ai-gateway-forwarder-1  Recreate
 Container sharwa_ai-redis-durable-1  Running
 Container sharwa_ai-gateway-1  Recreate
 Container sharwa_ai-gateway-1  Recreated
 Container sharwa_ai-gateway-forwarder-1  Recreated
 Container sharwa_ai-gateway-forwarder-1  Starting
 Container sharwa_ai-redis-durable-1  Waiting
 Container sharwa_ai-redis-durable-1  Healthy
 Container sharwa_ai-gateway-1  Starting
 Container sharwa_ai-gateway-forwarder-1  Started
 Container sharwa_ai-gateway-1  Started
NAME                            IMAGE                    COMMAND                  SERVICE             CREATED         STATUS                            PORTS
sharwa_ai-gateway-1             sharwa-ai-gateway:p0.2   "docker-entrypoint.s…"   gateway             8 seconds ago   Up 4 seconds (health: starting)   127.0.0.1:4001->4001/tcp
sharwa_ai-gateway-forwarder-1   sharwa-ai-gateway:p0.2   "docker-entrypoint.s…"   gateway-forwarder   8 seconds ago   Up 4 seconds                      4001/tcp
=== 5) retry creating a real session ===
