=== 1) gateway/src/logger.js ===
=== 2) gateway/src/ingest/lidmap.js ===
=== 3) gateway/src/ingest/__tests__ dir + lidmap.test.js ===
=== 4) gateway/src/sessions.js (full rewrite) ===
=== 5) gateway/src/index.js (full rewrite) ===
=== 6) gateway/src/forwarder.js (new - separate process/container) ===
=== 7) gateway/src/__tests__/media.test.js (rewritten for WAL contract) ===
=== 8) gateway/src/__tests__/webhook.test.js (test 2 rewritten for WAL contract, 1/3/4/5 unchanged) ===
=== 9) gateway/src/__tests__/forwarder.test.js (new) ===
=== 10) gateway/package.json: add pino as an explicit dependency ===
{
  "name": "sharwa-ai-gateway",
  "version": "0.1.0",
  "description": "Sharwa AI WhatsApp gateway (Baileys) - tenant-isolated sessions, FIFO send queue, signed webhooks to Django",
  "type": "module",
  "main": "src/index.js",
  "scripts": {
    "start": "node --env-file-if-exists=.env src/index.js",
    "test": "node --test \"src/__tests__/*.test.js\"",
    "start:forwarder": "node --env-file-if-exists=.env src/forwarder.js"
  },
  "engines": {
    "node": ">=22"
  },
  "dependencies": {
    "@aws-sdk/client-s3": "^3.1136.0",
    "@whiskeysockets/baileys": "6.7.24",
    "express": "^4.21.2",
    "ioredis": "^5.11.1",
    "qrcode": "^1.5.4",
    "pino": "^9.6.0"
  },
  "license": "UNLICENSED",
  "private": true
}
=== 11) npm install (pin pino as a real top-level dep, not just transitive) ===

up to date in 2s
=== 12) hunt_gate ===
gateway/src/sessions.js:484: [H3/rule3-swallowed] swallowed promise rejection (.catch with empty/undefined body)
HUNT GATE FAILED — 1 violation(s).
