=== 1) write gateway/src/__tests__/real_redis_integration.test.js ===
test file written OK
=== 2) hunt_gate (repo root) ===
batch_p02_real_redis_integration.sh:224: [H1] placeholder marker "placeholder"
gateway/src/__tests__/real_redis_integration.test.js:10: [H7/rule5] skipped or focused test
HUNT GATE FAILED — 2 violation(s).
hunt_gate exit: 1
=== 3) normal (mocked) suite on host - must stay green, new placeholder test appears ===
# Subtest: buildIdentityUpdateEvent gives different lids different provider_message_ids
ok 65 - buildIdentityUpdateEvent gives different lids different provider_message_ids
  ---
  duration_ms: 0.288457
  type: 'test'
  ...
1..65
# tests 65
# suites 0
# pass 65
# fail 0
# cancelled 0
# skipped 0
# todo 0
# duration_ms 4813.907348
=== 4) rebuild gateway image (bakes the new test file into it - Dockerfile COPY src ./src) ===
time="2026-09-22T21:41:24+02:00" level=warning msg="Docker Compose is configured to build using Bake, but buildx isn't installed"
#0 building with "default" instance using docker driver

#1 [gateway internal] load build definition from Dockerfile
#1 transferring dockerfile: 1.31kB 0.0s done
#1 DONE 0.0s

#2 [gateway internal] load metadata for docker.io/library/node:24-alpine
#2 DONE 2.1s

#3 [gateway internal] load .dockerignore
#3 transferring context: 107B 0.0s done
#3 DONE 0.0s

#4 [gateway internal] load build context
#4 DONE 0.0s

#5 [gateway 1/7] FROM docker.io/library/node:24-alpine@sha256:ebfe2f90462722a7a4de65e91990e97fe0d401c70e0e762c5b53302f905ec1c1
#5 resolve docker.io/library/node:24-alpine@sha256:ebfe2f90462722a7a4de65e91990e97fe0d401c70e0e762c5b53302f905ec1c1 0.1s done
#5 DONE 0.1s

#4 [gateway internal] load build context
#4 transferring context: 697B 0.0s done
#4 DONE 0.0s

#6 [gateway 3/7] WORKDIR /app
#6 CACHED

#7 [gateway 2/7] RUN addgroup -S app && adduser -S app -G app
#7 CACHED

#8 [gateway 4/7] COPY package.json package-lock.json ./
#8 CACHED

#9 [gateway 5/7] RUN npm ci --omit=dev
#9 CACHED

#10 [gateway 6/7] COPY src ./src
#10 CACHED

#11 [gateway 7/7] RUN mkdir -p /app/auth_sessions && chown -R app:app /app/auth_sessions
#11 CACHED

#12 [gateway] exporting to image
#12 exporting layers done
#12 exporting manifest sha256:6fdd69494ba5d098209136976b0c512d1a4beef5920fe1dba7d157dd50655275 done
#12 exporting config sha256:31bf62bfc9eabb13368784c00ea4407fac3a081646d3b6a35967479bd670fa8b done
#12 exporting attestation manifest sha256:750ce7a75f06658e489c7feb6ed5cb9c89370b870a20f4055430e94ba481fe52 0.1s done
#12 exporting manifest list sha256:b74cd639b77f9f2e287cb2cfdc8b71b39d5ab628e53b66f94f7f083bba688cde
#12 exporting manifest list sha256:b74cd639b77f9f2e287cb2cfdc8b71b39d5ab628e53b66f94f7f083bba688cde 0.0s done
#12 naming to docker.io/library/sharwa-ai-gateway:p0.2 done
#12 unpacking to docker.io/library/sharwa-ai-gateway:p0.2 0.1s done
#12 DONE 0.3s

#13 [gateway] resolving provenance for metadata file
#13 DONE 0.1s
 gateway  Built
=== 5) run the REAL 3-scenario integration suite in a one-off container on the same networks as the live gateway (reaches the real redis-durable; does NOT touch/restart the running gateway/gateway-forwarder containers) ===
 Container sharwa_ai-redis-durable-1  Running
Could not find 'src/__tests__/real_redis_integration.test.js'

